DEBUG: Starting imports...
DEBUG: Imported luno_api
DEBUG: Imported bot_config
DEBUG: Imported portfolio_manager
DEBUG: Imported trading_pair_discovery
DEBUG: Imported risk_manager
DEBUG: Imported performance_monitor
DEBUG: Script starting...
DEBUG: Entering main function
DEBUG: Initializing MultiPairTradingBot...
DEBUG: LunoAPI created
DEBUG: PortfolioManager created
DEBUG: Discovery config created
DEBUG: TradingPairDiscovery created
DEBUG: Initializing risk management...
DEBUG: Risk manager created
DEBUG: Initializing performance monitoring...
DEBUG: Performance monitor created
DEBUG: Setting up basic attributes...
DEBUG: Setting up rotation parameters...
DEBUG: Setting up logging...
DEBUG: Bot created, starting run...
